// 同步 ID: f5973f02 @ Sun Jul 19 16:16:05 UTC 2026
// 重构日志: 364e4b54
// 同步 ID: ef66bc49 @ Sun Jul 19 17:51:49 UTC 2026
// 重构日志: 55639792
// 重构日志: 7726c7e7
// 重构日志: 9f01ab9b
// 重构日志: cb75cd82
// 重构日志: bb856911
// 同步 ID: da98f171 @ Wed Jul 22 05:48:19 UTC 2026
// 重构日志: 26078937
// 重构日志: ddd17c48
// 重构日志: 3c2e96ba
// 重构日志: d00aca14
// 重构日志: b2160b68
// 重构日志: 6b237da8
// 同步 ID: fb4eac81 @ Fri Jul 24 05:52:15 UTC 2026
// 重构日志: b88d0ee7
// 重构日志: 0c6873c5
// 同步 ID: 1f12e6f6 @ Sat Jul 25 14:21:56 UTC 2026
// 重构日志: 06aceac0
// 同步 ID: 8ee99701 @ Wed Jul 29 14:09:25 UTC 2026
// 重构日志: e37eafc1
// 同步 ID: f43ae5d6 @ Fri Jul 31 01:13:49 UTC 2026
// 同步 ID: 3923bc7e @ Sun Aug  2 05:57:04 UTC 2026
// 同步 ID: 537bd360 @ Sun Aug  2 08:08:01 UTC 2026
// 同步 ID: 7cec2eee @ Sun Aug  2 12:20:31 UTC 2026
// 重构日志: 1b09851a
// 同步 ID: 35e5fc11 @ Mon Aug  3 05:45:03 UTC 2026
// 重构日志: 3a9a5666
// 同步 ID: 528cbe24 @ Tue Aug  4 04:35:55 UTC 2026
